Component: ARM Compiler 5.06 update 7 (build 960) Tool: armlink [4d3601]

==============================================================================

Section Cross References

    startup_lpc17xx.o(RESET) refers to startup_lpc17xx.o(STACK) for __initial_sp
    startup_lpc17xx.o(RESET) refers to startup_lpc17xx.o(.text) for Reset_Handler
    startup_lpc17xx.o(RESET) refers to easyweb.o(.text) for SysTick_Handler
    startup_lpc17xx.o(.text) refers to entry.o(.ARM.Collect$$$$00000000) for __main
    system_lpc17xx.o(.text) refers to system_lpc17xx.o(.data) for SystemFrequency
    tcpip.o(.text) refers to emac.o(.text) for Init_EMAC
    tcpip.o(.text) refers to memseta.o(.text) for __aeabi_memset
    tcpip.o(.text) refers to easyweb.o(.data) for TransmitControl
    tcpip.o(.text) refers to easyweb.o(.bss) for _TxFrame2
    tcpip.o(.text) refers to tcpip.o(.constdata) for MyMAC
    tcpip.o(.text) refers to easyweb.o(.constdata) for MyIP
    tcpip.o(.text) refers to memcmp.o(.text) for memcmp
    emac.o(.text) refers to tcpip.o(.text) for SwapBytes
    emac.o(.text) refers to emac.o(.data) for rptr
    easyweb.o(.text) refers to tcpip.o(.text) for TCPClockHandler
    easyweb.o(.text) refers to ctype_o.o(.text) for __rt_ctype_table
    easyweb.o(.text) refers to isblank_o.o(.text) for isblank
    easyweb.o(.text) refers to printf8.o(i.__0sprintf$8) for __2sprintf
    easyweb.o(.text) refers to memcpya.o(.text) for __aeabi_memcpy
    easyweb.o(.text) refers to strcmp.o(.text) for strcmp
    easyweb.o(.text) refers to strlen.o(.text) for strlen
    easyweb.o(.text) refers to system_lpc17xx.o(.text) for SystemInit
    easyweb.o(.text) refers to easyweb.o(.data) for TimeTick
    easyweb.o(.text) refers to easyweb.o(.bss) for buff
    easyweb.o(.text) refers to easyweb.o(.conststring) for .conststring
    entry.o(.ARM.Collect$$$$00000000) refers (Special) to entry10a.o(.ARM.Collect$$$$0000000F) for __rt_final_cpp
    entry.o(.ARM.Collect$$$$00000000) refers (Special) to entry11a.o(.ARM.Collect$$$$00000011) for __rt_final_exit
    entry.o(.ARM.Collect$$$$00000000) refers (Special) to entry12b.o(.ARM.Collect$$$$0000000E) for __rt_lib_shutdown_fini
    entry.o(.ARM.Collect$$$$00000000) refers (Special) to entry7b.o(.ARM.Collect$$$$00000008) for _main_clock
    entry.o(.ARM.Collect$$$$00000000) refers (Special) to entry8b.o(.ARM.Collect$$$$0000000A) for _main_cpp_init
    entry.o(.ARM.Collect$$$$00000000) refers (Special) to entry9a.o(.ARM.Collect$$$$0000000B) for _main_init
    entry.o(.ARM.Collect$$$$00000000) refers (Special) to entry5.o(.ARM.Collect$$$$00000004) for _main_scatterload
    entry.o(.ARM.Collect$$$$00000000) refers (Special) to entry2.o(.ARM.Collect$$$$00000001) for _main_stk
    isblank_c.o(.text) refers to ctype_c.o(.text) for __ctype_lookup
    ctype_o.o(.text) refers to ctype_o.o(.constdata) for .constdata
    ctype_o.o(.constdata) refers to ctype_o.o(.constdata) for __ctype_table
    isalnum_o.o(.text) refers to ctype_o.o(.text) for __rt_ctype_table
    isalpha_o.o(.text) refers to ctype_o.o(.text) for __rt_ctype_table
    isblank_o.o(.text) refers to ctype_o.o(.constdata) for __ctype_table
    iscntrl_o.o(.text) refers to ctype_o.o(.text) for __rt_ctype_table
    isdigit_o.o(.text) refers to ctype_o.o(.text) for __rt_ctype_table
    isgraph_o.o(.text) refers to ctype_o.o(.text) for __rt_ctype_table
    islower_o.o(.text) refers to ctype_o.o(.text) for __rt_ctype_table
    isprint_o.o(.text) refers to ctype_o.o(.text) for __rt_ctype_table
    ispunct_o.o(.text) refers to ctype_o.o(.text) for __rt_ctype_table
    isspace_o.o(.text) refers to ctype_o.o(.text) for __rt_ctype_table
    isupper_o.o(.text) refers to ctype_o.o(.text) for __rt_ctype_table
    isxdigit_o.o(.text) refers to ctype_o.o(.text) for __rt_ctype_table
    printfb.o(i.__0fprintf$bare) refers to printfb.o(i._printf_core) for _printf_core
    printfb.o(i.__0fprintf$bare) refers to fputc.o(i.fputc) for fputc
    printfb.o(i.__0printf$bare) refers to printfb.o(i._printf_core) for _printf_core
    printfb.o(i.__0printf$bare) refers to fputc.o(i.fputc) for fputc
    printfb.o(i.__0printf$bare) refers to stdout.o(.data) for __stdout
    printfb.o(i.__0snprintf$bare) refers to printfb.o(i._printf_core) for _printf_core
    printfb.o(i.__0snprintf$bare) refers to printfb.o(i._snputc) for _snputc
    printfb.o(i.__0sprintf$bare) refers to printfb.o(i._printf_core) for _printf_core
    printfb.o(i.__0sprintf$bare) refers to printfb.o(i._sputc) for _sputc
    printfb.o(i.__0vfprintf$bare) refers to printfb.o(i._printf_core) for _printf_core
    printfb.o(i.__0vfprintf$bare) refers to fputc.o(i.fputc) for fputc
    printfb.o(i.__0vprintf$bare) refers to printfb.o(i._printf_core) for _printf_core
    printfb.o(i.__0vprintf$bare) refers to fputc.o(i.fputc) for fputc
    printfb.o(i.__0vprintf$bare) refers to stdout.o(.data) for __stdout
    printfb.o(i.__0vsnprintf$bare) refers to printfb.o(i._printf_core) for _printf_core
    printfb.o(i.__0vsnprintf$bare) refers to printfb.o(i._snputc) for _snputc
    printfb.o(i.__0vsprintf$bare) refers to printfb.o(i._printf_core) for _printf_core
    printfb.o(i.__0vsprintf$bare) refers to printfb.o(i._sputc) for _sputc
    printf0.o(i.__0fprintf$0) refers to printf0.o(i._printf_core) for _printf_core
    printf0.o(i.__0fprintf$0) refers to fputc.o(i.fputc) for fputc
    printf0.o(i.__0printf$0) refers to printf0.o(i._printf_core) for _printf_core
    printf0.o(i.__0printf$0) refers to fputc.o(i.fputc) for fputc
    printf0.o(i.__0printf$0) refers to stdout.o(.data) for __stdout
    printf0.o(i.__0snprintf$0) refers to printf0.o(i._printf_core) for _printf_core
    printf0.o(i.__0snprintf$0) refers to printf0.o(i._snputc) for _snputc
    printf0.o(i.__0sprintf$0) refers to printf0.o(i._printf_core) for _printf_core
    printf0.o(i.__0sprintf$0) refers to printf0.o(i._sputc) for _sputc
    printf0.o(i.__0vfprintf$0) refers to printf0.o(i._printf_core) for _printf_core
    printf0.o(i.__0vfprintf$0) refers to fputc.o(i.fputc) for fputc
    printf0.o(i.__0vprintf$0) refers to printf0.o(i._printf_core) for _printf_core
    printf0.o(i.__0vprintf$0) refers to fputc.o(i.fputc) for fputc
    printf0.o(i.__0vprintf$0) refers to stdout.o(.data) for __stdout
    printf0.o(i.__0vsnprintf$0) refers to printf0.o(i._printf_core) for _printf_core
    printf0.o(i.__0vsnprintf$0) refers to printf0.o(i._snputc) for _snputc
    printf0.o(i.__0vsprintf$0) refers to printf0.o(i._printf_core) for _printf_core
    printf0.o(i.__0vsprintf$0) refers to printf0.o(i._sputc) for _sputc
    printf1.o(i.__0fprintf$1) refers to printf1.o(i._printf_core) for _printf_core
    printf1.o(i.__0fprintf$1) refers to fputc.o(i.fputc) for fputc
    printf1.o(i.__0printf$1) refers to printf1.o(i._printf_core) for _printf_core
    printf1.o(i.__0printf$1) refers to fputc.o(i.fputc) for fputc
    printf1.o(i.__0printf$1) refers to stdout.o(.data) for __stdout
    printf1.o(i.__0snprintf$1) refers to printf1.o(i._printf_core) for _printf_core
    printf1.o(i.__0snprintf$1) refers to printf1.o(i._snputc) for _snputc
    printf1.o(i.__0sprintf$1) refers to printf1.o(i._printf_core) for _printf_core
    printf1.o(i.__0sprintf$1) refers to printf1.o(i._sputc) for _sputc
    printf1.o(i.__0vfprintf$1) refers to printf1.o(i._printf_core) for _printf_core
    printf1.o(i.__0vfprintf$1) refers to fputc.o(i.fputc) for fputc
    printf1.o(i.__0vprintf$1) refers to printf1.o(i._printf_core) for _printf_core
    printf1.o(i.__0vprintf$1) refers to fputc.o(i.fputc) for fputc
    printf1.o(i.__0vprintf$1) refers to stdout.o(.data) for __stdout
    printf1.o(i.__0vsnprintf$1) refers to printf1.o(i._printf_core) for _printf_core
    printf1.o(i.__0vsnprintf$1) refers to printf1.o(i._snputc) for _snputc
    printf1.o(i.__0vsprintf$1) refers to printf1.o(i._printf_core) for _printf_core
    printf1.o(i.__0vsprintf$1) refers to printf1.o(i._sputc) for _sputc
    printf1.o(i._printf_core) refers to uidiv.o(.text) for __aeabi_uidivmod
    printf2.o(i.__0fprintf$2) refers to printf2.o(i._printf_core) for _printf_core
    printf2.o(i.__0fprintf$2) refers to fputc.o(i.fputc) for fputc
    printf2.o(i.__0printf$2) refers to printf2.o(i._printf_core) for _printf_core
    printf2.o(i.__0printf$2) refers to fputc.o(i.fputc) for fputc
    printf2.o(i.__0printf$2) refers to stdout.o(.data) for __stdout
    printf2.o(i.__0snprintf$2) refers to printf2.o(i._printf_core) for _printf_core
    printf2.o(i.__0snprintf$2) refers to printf2.o(i._snputc) for _snputc
    printf2.o(i.__0sprintf$2) refers to printf2.o(i._printf_core) for _printf_core
    printf2.o(i.__0sprintf$2) refers to printf2.o(i._sputc) for _sputc
    printf2.o(i.__0vfprintf$2) refers to printf2.o(i._printf_core) for _printf_core
    printf2.o(i.__0vfprintf$2) refers to fputc.o(i.fputc) for fputc
    printf2.o(i.__0vprintf$2) refers to printf2.o(i._printf_core) for _printf_core
    printf2.o(i.__0vprintf$2) refers to fputc.o(i.fputc) for fputc
    printf2.o(i.__0vprintf$2) refers to stdout.o(.data) for __stdout
    printf2.o(i.__0vsnprintf$2) refers to printf2.o(i._printf_core) for _printf_core
    printf2.o(i.__0vsnprintf$2) refers to printf2.o(i._snputc) for _snputc
    printf2.o(i.__0vsprintf$2) refers to printf2.o(i._printf_core) for _printf_core
    printf2.o(i.__0vsprintf$2) refers to printf2.o(i._sputc) for _sputc
    printf3.o(i.__0fprintf$3) refers to printf3.o(i._printf_core) for _printf_core
    printf3.o(i.__0fprintf$3) refers to fputc.o(i.fputc) for fputc
    printf3.o(i.__0printf$3) refers to printf3.o(i._printf_core) for _printf_core
    printf3.o(i.__0printf$3) refers to fputc.o(i.fputc) for fputc
    printf3.o(i.__0printf$3) refers to stdout.o(.data) for __stdout
    printf3.o(i.__0snprintf$3) refers to printf3.o(i._printf_core) for _printf_core
    printf3.o(i.__0snprintf$3) refers to printf3.o(i._snputc) for _snputc
    printf3.o(i.__0sprintf$3) refers to printf3.o(i._printf_core) for _printf_core
    printf3.o(i.__0sprintf$3) refers to printf3.o(i._sputc) for _sputc
    printf3.o(i.__0vfprintf$3) refers to printf3.o(i._printf_core) for _printf_core
    printf3.o(i.__0vfprintf$3) refers to fputc.o(i.fputc) for fputc
    printf3.o(i.__0vprintf$3) refers to printf3.o(i._printf_core) for _printf_core
    printf3.o(i.__0vprintf$3) refers to fputc.o(i.fputc) for fputc
    printf3.o(i.__0vprintf$3) refers to stdout.o(.data) for __stdout
    printf3.o(i.__0vsnprintf$3) refers to printf3.o(i._printf_core) for _printf_core
    printf3.o(i.__0vsnprintf$3) refers to printf3.o(i._snputc) for _snputc
    printf3.o(i.__0vsprintf$3) refers to printf3.o(i._printf_core) for _printf_core
    printf3.o(i.__0vsprintf$3) refers to printf3.o(i._sputc) for _sputc
    printf3.o(i._printf_core) refers to uidiv.o(.text) for __aeabi_uidivmod
    printf4.o(i.__0fprintf$4) refers to printf4.o(i._printf_core) for _printf_core
    printf4.o(i.__0fprintf$4) refers to fputc.o(i.fputc) for fputc
    printf4.o(i.__0printf$4) refers to printf4.o(i._printf_core) for _printf_core
    printf4.o(i.__0printf$4) refers to fputc.o(i.fputc) for fputc
    printf4.o(i.__0printf$4) refers to stdout.o(.data) for __stdout
    printf4.o(i.__0snprintf$4) refers to printf4.o(i._printf_core) for _printf_core
    printf4.o(i.__0snprintf$4) refers to printf4.o(i._snputc) for _snputc
    printf4.o(i.__0sprintf$4) refers to printf4.o(i._printf_core) for _printf_core
    printf4.o(i.__0sprintf$4) refers to printf4.o(i._sputc) for _sputc
    printf4.o(i.__0vfprintf$4) refers to printf4.o(i._printf_core) for _printf_core
    printf4.o(i.__0vfprintf$4) refers to fputc.o(i.fputc) for fputc
    printf4.o(i.__0vprintf$4) refers to printf4.o(i._printf_core) for _printf_core
    printf4.o(i.__0vprintf$4) refers to fputc.o(i.fputc) for fputc
    printf4.o(i.__0vprintf$4) refers to stdout.o(.data) for __stdout
    printf4.o(i.__0vsnprintf$4) refers to printf4.o(i._printf_core) for _printf_core
    printf4.o(i.__0vsnprintf$4) refers to printf4.o(i._snputc) for _snputc
    printf4.o(i.__0vsprintf$4) refers to printf4.o(i._printf_core) for _printf_core
    printf4.o(i.__0vsprintf$4) refers to printf4.o(i._sputc) for _sputc
    printf4.o(i._printf_core) refers to uldiv.o(.text) for __aeabi_uldivmod
    printf5.o(i.__0fprintf$5) refers to printf5.o(i._printf_core) for _printf_core
    printf5.o(i.__0fprintf$5) refers to fputc.o(i.fputc) for fputc
    printf5.o(i.__0printf$5) refers to printf5.o(i._printf_core) for _printf_core
    printf5.o(i.__0printf$5) refers to fputc.o(i.fputc) for fputc
    printf5.o(i.__0printf$5) refers to stdout.o(.data) for __stdout
    printf5.o(i.__0snprintf$5) refers to printf5.o(i._printf_core) for _printf_core
    printf5.o(i.__0snprintf$5) refers to printf5.o(i._snputc) for _snputc
    printf5.o(i.__0sprintf$5) refers to printf5.o(i._printf_core) for _printf_core
    printf5.o(i.__0sprintf$5) refers to printf5.o(i._sputc) for _sputc
    printf5.o(i.__0vfprintf$5) refers to printf5.o(i._printf_core) for _printf_core
    printf5.o(i.__0vfprintf$5) refers to fputc.o(i.fputc) for fputc
    printf5.o(i.__0vprintf$5) refers to printf5.o(i._printf_core) for _printf_core
    printf5.o(i.__0vprintf$5) refers to fputc.o(i.fputc) for fputc
    printf5.o(i.__0vprintf$5) refers to stdout.o(.data) for __stdout
    printf5.o(i.__0vsnprintf$5) refers to printf5.o(i._printf_core) for _printf_core
    printf5.o(i.__0vsnprintf$5) refers to printf5.o(i._snputc) for _snputc
    printf5.o(i.__0vsprintf$5) refers to printf5.o(i._printf_core) for _printf_core
    printf5.o(i.__0vsprintf$5) refers to printf5.o(i._sputc) for _sputc
    printf5.o(i._printf_core) refers to uldiv.o(.text) for __aeabi_uldivmod
    printf6.o(i.__0fprintf$6) refers to printf6.o(i._printf_core) for _printf_core
    printf6.o(i.__0fprintf$6) refers to fputc.o(i.fputc) for fputc
    printf6.o(i.__0printf$6) refers to printf6.o(i._printf_core) for _printf_core
    printf6.o(i.__0printf$6) refers to fputc.o(i.fputc) for fputc
    printf6.o(i.__0printf$6) refers to stdout.o(.data) for __stdout
    printf6.o(i.__0snprintf$6) refers to printf6.o(i._printf_core) for _printf_core
    printf6.o(i.__0snprintf$6) refers to printf6.o(i._snputc) for _snputc
    printf6.o(i.__0sprintf$6) refers to printf6.o(i._printf_core) for _printf_core
    printf6.o(i.__0sprintf$6) refers to printf6.o(i._sputc) for _sputc
    printf6.o(i.__0vfprintf$6) refers to printf6.o(i._printf_core) for _printf_core
    printf6.o(i.__0vfprintf$6) refers to fputc.o(i.fputc) for fputc
    printf6.o(i.__0vprintf$6) refers to printf6.o(i._printf_core) for _printf_core
    printf6.o(i.__0vprintf$6) refers to fputc.o(i.fputc) for fputc
    printf6.o(i.__0vprintf$6) refers to stdout.o(.data) for __stdout
    printf6.o(i.__0vsnprintf$6) refers to printf6.o(i._printf_core) for _printf_core
    printf6.o(i.__0vsnprintf$6) refers to printf6.o(i._snputc) for _snputc
    printf6.o(i.__0vsprintf$6) refers to printf6.o(i._printf_core) for _printf_core
    printf6.o(i.__0vsprintf$6) refers to printf6.o(i._sputc) for _sputc
    printf6.o(i._printf_core) refers to printf6.o(i._printf_pre_padding) for _printf_pre_padding
    printf6.o(i._printf_core) refers to uidiv.o(.text) for __aeabi_uidivmod
    printf6.o(i._printf_core) refers to printf6.o(i._printf_post_padding) for _printf_post_padding
    printf7.o(i.__0fprintf$7) refers to printf7.o(i._printf_core) for _printf_core
    printf7.o(i.__0fprintf$7) refers to fputc.o(i.fputc) for fputc
    printf7.o(i.__0printf$7) refers to printf7.o(i._printf_core) for _printf_core
    printf7.o(i.__0printf$7) refers to fputc.o(i.fputc) for fputc
    printf7.o(i.__0printf$7) refers to stdout.o(.data) for __stdout
    printf7.o(i.__0snprintf$7) refers to printf7.o(i._printf_core) for _printf_core
    printf7.o(i.__0snprintf$7) refers to printf7.o(i._snputc) for _snputc
    printf7.o(i.__0sprintf$7) refers to printf7.o(i._printf_core) for _printf_core
    printf7.o(i.__0sprintf$7) refers to printf7.o(i._sputc) for _sputc
    printf7.o(i.__0vfprintf$7) refers to printf7.o(i._printf_core) for _printf_core
    printf7.o(i.__0vfprintf$7) refers to fputc.o(i.fputc) for fputc
    printf7.o(i.__0vprintf$7) refers to printf7.o(i._printf_core) for _printf_core
    printf7.o(i.__0vprintf$7) refers to fputc.o(i.fputc) for fputc
    printf7.o(i.__0vprintf$7) refers to stdout.o(.data) for __stdout
    printf7.o(i.__0vsnprintf$7) refers to printf7.o(i._printf_core) for _printf_core
    printf7.o(i.__0vsnprintf$7) refers to printf7.o(i._snputc) for _snputc
    printf7.o(i.__0vsprintf$7) refers to printf7.o(i._printf_core) for _printf_core
    printf7.o(i.__0vsprintf$7) refers to printf7.o(i._sputc) for _sputc
    printf7.o(i._printf_core) refers to printf7.o(i._printf_pre_padding) for _printf_pre_padding
    printf7.o(i._printf_core) refers to uldiv.o(.text) for __aeabi_uldivmod
    printf7.o(i._printf_core) refers to printf7.o(i._printf_post_padding) for _printf_post_padding
    printf8.o(i.__0fprintf$8) refers to printf8.o(i._printf_core) for _printf_core
    printf8.o(i.__0fprintf$8) refers to fputc.o(i.fputc) for fputc
    printf8.o(i.__0printf$8) refers to printf8.o(i._printf_core) for _printf_core
    printf8.o(i.__0printf$8) refers to fputc.o(i.fputc) for fputc
    printf8.o(i.__0printf$8) refers to stdout.o(.data) for __stdout
    printf8.o(i.__0snprintf$8) refers to printf8.o(i._printf_core) for _printf_core
    printf8.o(i.__0snprintf$8) refers to printf8.o(i._snputc) for _snputc
    printf8.o(i.__0sprintf$8) refers to printf8.o(i._printf_core) for _printf_core
    printf8.o(i.__0sprintf$8) refers to printf8.o(i._sputc) for _sputc
    printf8.o(i.__0vfprintf$8) refers to printf8.o(i._printf_core) for _printf_core
    printf8.o(i.__0vfprintf$8) refers to fputc.o(i.fputc) for fputc
    printf8.o(i.__0vprintf$8) refers to printf8.o(i._printf_core) for _printf_core
    printf8.o(i.__0vprintf$8) refers to fputc.o(i.fputc) for fputc
    printf8.o(i.__0vprintf$8) refers to stdout.o(.data) for __stdout
    printf8.o(i.__0vsnprintf$8) refers to printf8.o(i._printf_core) for _printf_core
    printf8.o(i.__0vsnprintf$8) refers to printf8.o(i._snputc) for _snputc
    printf8.o(i.__0vsprintf$8) refers to printf8.o(i._printf_core) for _printf_core
    printf8.o(i.__0vsprintf$8) refers to printf8.o(i._sputc) for _sputc
    printf8.o(i._printf_core) refers to printf8.o(i._printf_pre_padding) for _printf_pre_padding
    printf8.o(i._printf_core) refers to uldiv.o(.text) for __aeabi_uldivmod
    printf8.o(i._printf_core) refers to printf8.o(i._printf_post_padding) for _printf_post_padding
    printfa.o(i.__0fprintf) refers (Special) to iusefp.o(.text) for __I$use$fp
    printfa.o(i.__0fprintf) refers to printfa.o(i._printf_core) for _printf_core
    printfa.o(i.__0fprintf) refers to fputc.o(i.fputc) for fputc
    printfa.o(i.__0printf) refers (Special) to iusefp.o(.text) for __I$use$fp
    printfa.o(i.__0printf) refers to printfa.o(i._printf_core) for _printf_core
    printfa.o(i.__0printf) refers to fputc.o(i.fputc) for fputc
    printfa.o(i.__0printf) refers to stdout.o(.data) for __stdout
    printfa.o(i.__0snprintf) refers (Special) to iusefp.o(.text) for __I$use$fp
    printfa.o(i.__0snprintf) refers to printfa.o(i._printf_core) for _printf_core
    printfa.o(i.__0snprintf) refers to printfa.o(i._snputc) for _snputc
    printfa.o(i.__0sprintf) refers (Special) to iusefp.o(.text) for __I$use$fp
    printfa.o(i.__0sprintf) refers to printfa.o(i._printf_core) for _printf_core
    printfa.o(i.__0sprintf) refers to printfa.o(i._sputc) for _sputc
    printfa.o(i.__0vfprintf) refers (Special) to iusefp.o(.text) for __I$use$fp
    printfa.o(i.__0vfprintf) refers to printfa.o(i._printf_core) for _printf_core
    printfa.o(i.__0vfprintf) refers to fputc.o(i.fputc) for fputc
    printfa.o(i.__0vprintf) refers (Special) to iusefp.o(.text) for __I$use$fp
    printfa.o(i.__0vprintf) refers to printfa.o(i._printf_core) for _printf_core
    printfa.o(i.__0vprintf) refers to fputc.o(i.fputc) for fputc
    printfa.o(i.__0vprintf) refers to stdout.o(.data) for __stdout
    printfa.o(i.__0vsnprintf) refers (Special) to iusefp.o(.text) for __I$use$fp
    printfa.o(i.__0vsnprintf) refers to printfa.o(i._printf_core) for _printf_core
    printfa.o(i.__0vsnprintf) refers to printfa.o(i._snputc) for _snputc
    printfa.o(i.__0vsprintf) refers (Special) to iusefp.o(.text) for __I$use$fp
    printfa.o(i.__0vsprintf) refers to printfa.o(i._printf_core) for _printf_core
    printfa.o(i.__0vsprintf) refers to printfa.o(i._sputc) for _sputc
    printfa.o(i._fp_digits) refers (Special) to iusefp.o(.text) for __I$use$fp
    printfa.o(i._fp_digits) refers to dmul.o(.text) for __aeabi_dmul
    printfa.o(i._fp_digits) refers to ddiv.o(.text) for __aeabi_ddiv
    printfa.o(i._fp_digits) refers to cdrcmple.o(.text) for __aeabi_cdrcmple
    printfa.o(i._fp_digits) refers to dadd.o(.text) for __aeabi_dadd
    printfa.o(i._fp_digits) refers to dfixul.o(.text) for __aeabi_d2ulz
    printfa.o(i._fp_digits) refers to uldiv.o(.text) for __aeabi_uldivmod
    printfa.o(i._printf_core) refers (Special) to iusefp.o(.text) for __I$use$fp
    printfa.o(i._printf_core) refers to printfa.o(i._printf_pre_padding) for _printf_pre_padding
    printfa.o(i._printf_core) refers to uldiv.o(.text) for __aeabi_uldivmod
    printfa.o(i._printf_core) refers to printfa.o(i._printf_post_padding) for _printf_post_padding
    printfa.o(i._printf_core) refers to printfa.o(i._fp_digits) for _fp_digits
    printfa.o(i._printf_core) refers to uidiv.o(.text) for __aeabi_uidivmod
    printfa.o(i._printf_post_padding) refers (Special) to iusefp.o(.text) for __I$use$fp
    printfa.o(i._printf_pre_padding) refers (Special) to iusefp.o(.text) for __I$use$fp
    printfa.o(i._snputc) refers (Special) to iusefp.o(.text) for __I$use$fp
    printfa.o(i._sputc) refers (Special) to iusefp.o(.text) for __I$use$fp
    entry2.o(.ARM.Collect$$$$00000001) refers to entry2.o(.ARM.Collect$$$$00002712) for __lit__00000000
    entry2.o(.ARM.Collect$$$$00002712) refers to startup_lpc17xx.o(STACK) for __initial_sp
    entry2.o(__vectab_stack_and_reset_area) refers to startup_lpc17xx.o(STACK) for __initial_sp
    entry2.o(__vectab_stack_and_reset_area) refers to entry.o(.ARM.Collect$$$$00000000) for __main
    entry5.o(.ARM.Collect$$$$00000004) refers to init.o(.text) for __scatterload
    entry9a.o(.ARM.Collect$$$$0000000B) refers to easyweb.o(.text) for main
    entry9b.o(.ARM.Collect$$$$0000000C) refers to easyweb.o(.text) for main
    fputc.o(i.fputc) refers (Special) to iusesemip.o(.text) for __I$use$semihosting$fputc
    fputc.o(i.fputc) refers (Special) to semi.o(.text) for __semihosting_library_function
    uldiv.o(.text) refers to llushr.o(.text) for __aeabi_llsr
    uldiv.o(.text) refers to llshl.o(.text) for __aeabi_llsl
    ctype_c.o(.text) refers to ctype_c.o(.constdata) for .constdata
    dadd.o(.text) refers to llshl.o(.text) for __aeabi_llsl
    dadd.o(.text) refers to llsshr.o(.text) for __aeabi_lasr
    dadd.o(.text) refers to depilogue.o(.text) for _double_epilogue
    dmul.o(.text) refers to depilogue.o(.text) for _double_epilogue
    ddiv.o(.text) refers to depilogue.o(.text) for _double_round
    dfixul.o(.text) refers to llushr.o(.text) for __aeabi_llsr
    dfixul.o(.text) refers to llshl.o(.text) for __aeabi_llsl
    init.o(.text) refers to entry5.o(.ARM.Collect$$$$00000004) for __main_after_scatterload
    depilogue.o(.text) refers to llshl.o(.text) for __aeabi_llsl
    depilogue.o(.text) refers to llushr.o(.text) for __aeabi_llsr


==============================================================================

Removing Unused input sections from the image.

    Removing startup_lpc17xx.o(HEAP), (512 bytes).
    Removing system_lpc17xx.o(.rev16_text), (4 bytes).
    Removing system_lpc17xx.o(.revsh_text), (4 bytes).
    Removing system_lpc17xx.o(.rrx_text), (6 bytes).
    Removing tcpip.o(.rev16_text), (4 bytes).
    Removing tcpip.o(.revsh_text), (4 bytes).
    Removing tcpip.o(.rrx_text), (6 bytes).
    Removing emac.o(.rev16_text), (4 bytes).
    Removing emac.o(.revsh_text), (4 bytes).
    Removing emac.o(.rrx_text), (6 bytes).
    Removing easyweb.o(.rev16_text), (4 bytes).
    Removing easyweb.o(.revsh_text), (4 bytes).
    Removing easyweb.o(.rrx_text), (6 bytes).
    Removing retarget.o(.text), (6 bytes).
    Removing dadd.o(.text), (334 bytes).
    Removing dmul.o(.text), (228 bytes).
    Removing ddiv.o(.text), (222 bytes).
    Removing dfixul.o(.text), (48 bytes).
    Removing cdrcmple.o(.text), (48 bytes).
    Removing depilogue.o(.text), (186 bytes).

20 unused section(s) (total 1640 bytes) removed from the image.

==============================================================================

Image Symbol Table

    Local Symbols

    Symbol Name                              Value     Ov Type        Size  Object(Section)

    RESET                                    0x00000000   Section      204  startup_lpc17xx.o(RESET)
    ../clib/microlib/ctype/ctype.c           0x00000000   Number         0  ctype_o.o ABSOLUTE
    ../clib/microlib/ctype/ctype.c           0x00000000   Number         0  isalpha_o.o ABSOLUTE
    ../clib/microlib/ctype/ctype.c           0x00000000   Number         0  isblank_c.o ABSOLUTE
    ../clib/microlib/ctype/ctype.c           0x00000000   Number         0  isalnum_o.o ABSOLUTE
    ../clib/microlib/ctype/ctype.c           0x00000000   Number         0  isxdigit_o.o ABSOLUTE
    ../clib/microlib/ctype/ctype.c           0x00000000   Number         0  isupper_o.o ABSOLUTE
    ../clib/microlib/ctype/ctype.c           0x00000000   Number         0  ctype_c.o ABSOLUTE
    ../clib/microlib/ctype/ctype.c           0x00000000   Number         0  isspace_o.o ABSOLUTE
    ../clib/microlib/ctype/ctype.c           0x00000000   Number         0  ispunct_o.o ABSOLUTE
    ../clib/microlib/ctype/ctype.c           0x00000000   Number         0  isprint_o.o ABSOLUTE
    ../clib/microlib/ctype/ctype.c           0x00000000   Number         0  islower_o.o ABSOLUTE
    ../clib/microlib/ctype/ctype.c           0x00000000   Number         0  isgraph_o.o ABSOLUTE
    ../clib/microlib/ctype/ctype.c           0x00000000   Number         0  isdigit_o.o ABSOLUTE
    ../clib/microlib/ctype/ctype.c           0x00000000   Number         0  iscntrl_o.o ABSOLUTE
    ../clib/microlib/ctype/ctype.c           0x00000000   Number         0  isblank_o.o ABSOLUTE
    ../clib/microlib/division.c              0x00000000   Number         0  uldiv.o ABSOLUTE
    ../clib/microlib/division.c              0x00000000   Number         0  uidiv.o ABSOLUTE
    ../clib/microlib/init/entry.s            0x00000000   Number         0  entry5.o ABSOLUTE
    ../clib/microlib/init/entry.s            0x00000000   Number         0  entry2.o ABSOLUTE
    ../clib/microlib/init/entry.s            0x00000000   Number         0  entry8a.o ABSOLUTE
    ../clib/microlib/init/entry.s            0x00000000   Number         0  entry12b.o ABSOLUTE
    ../clib/microlib/init/entry.s            0x00000000   Number         0  entry12a.o ABSOLUTE
    ../clib/microlib/init/entry.s            0x00000000   Number         0  entry11b.o ABSOLUTE
    ../clib/microlib/init/entry.s            0x00000000   Number         0  entry10b.o ABSOLUTE
    ../clib/microlib/init/entry.s            0x00000000   Number         0  entry10a.o ABSOLUTE
    ../clib/microlib/init/entry.s            0x00000000   Number         0  entry9b.o ABSOLUTE
    ../clib/microlib/init/entry.s            0x00000000   Number         0  entry9a.o ABSOLUTE
    ../clib/microlib/init/entry.s            0x00000000   Number         0  entry.o ABSOLUTE
    ../clib/microlib/init/entry.s            0x00000000   Number         0  entry8b.o ABSOLUTE
    ../clib/microlib/init/entry.s            0x00000000   Number         0  entry11a.o ABSOLUTE
    ../clib/microlib/init/entry.s            0x00000000   Number         0  entry7b.o ABSOLUTE
    ../clib/microlib/init/entry.s            0x00000000   Number         0  entry7a.o ABSOLUTE
    ../clib/microlib/longlong.c              0x00000000   Number         0  llshl.o ABSOLUTE
    ../clib/microlib/longlong.c              0x00000000   Number         0  llushr.o ABSOLUTE
    ../clib/microlib/longlong.c              0x00000000   Number         0  llsshr.o ABSOLUTE
    ../clib/microlib/printf/printf.c         0x00000000   Number         0  printfb.o ABSOLUTE
    ../clib/microlib/printf/printf.c         0x00000000   Number         0  printf0.o ABSOLUTE
    ../clib/microlib/printf/printf.c         0x00000000   Number         0  printf1.o ABSOLUTE
    ../clib/microlib/printf/printf.c         0x00000000   Number         0  printf3.o ABSOLUTE
    ../clib/microlib/printf/printf.c         0x00000000   Number         0  printf2.o ABSOLUTE
    ../clib/microlib/printf/printf.c         0x00000000   Number         0  printf4.o ABSOLUTE
    ../clib/microlib/printf/printf.c         0x00000000   Number         0  printfa.o ABSOLUTE
    ../clib/microlib/printf/printf.c         0x00000000   Number         0  printf8.o ABSOLUTE
    ../clib/microlib/printf/printf.c         0x00000000   Number         0  printf7.o ABSOLUTE
    ../clib/microlib/printf/printf.c         0x00000000   Number         0  printf6.o ABSOLUTE
    ../clib/microlib/printf/printf.c         0x00000000   Number         0  printf5.o ABSOLUTE
    ../clib/microlib/printf/stubs.s          0x00000000   Number         0  stubs.o ABSOLUTE
    ../clib/microlib/stdio/fputc.c           0x00000000   Number         0  fputc.o ABSOLUTE
    ../clib/microlib/stdio/semi.s            0x00000000   Number         0  semi.o ABSOLUTE
    ../clib/microlib/stdio/streams.c         0x00000000   Number         0  stdout.o ABSOLUTE
    ../clib/microlib/string/memcmp.c         0x00000000   Number         0  memcmp.o ABSOLUTE
    ../clib/microlib/string/memcpy.c         0x00000000   Number         0  memcpya.o ABSOLUTE
    ../clib/microlib/string/memcpy.c         0x00000000   Number         0  memcpyb.o ABSOLUTE
    ../clib/microlib/string/memset.c         0x00000000   Number         0  memseta.o ABSOLUTE
    ../clib/microlib/string/strcmp.c         0x00000000   Number         0  strcmp.o ABSOLUTE
    ../clib/microlib/string/strlen.c         0x00000000   Number         0  strlen.o ABSOLUTE
    ../clib/microlib/stubs.s                 0x00000000   Number         0  useno.o ABSOLUTE
    ../clib/microlib/stubs.s                 0x00000000   Number         0  iusesemip.o ABSOLUTE
    ../clib/microlib/stubs.s                 0x00000000   Number         0  iusefp.o ABSOLUTE
    ../fplib/microlib/fpadd.c                0x00000000   Number         0  dadd.o ABSOLUTE
    ../fplib/microlib/fpdiv.c                0x00000000   Number         0  ddiv.o ABSOLUTE
    ../fplib/microlib/fpepilogue.c           0x00000000   Number         0  depilogue.o ABSOLUTE
    ../fplib/microlib/fpfix.c                0x00000000   Number         0  dfixul.o ABSOLUTE
    ../fplib/microlib/fpmul.c                0x00000000   Number         0  dmul.o ABSOLUTE
    EMAC.c                                   0x00000000   Number         0  emac.o ABSOLUTE
    EMAC.c                                   0x00000000   Number         0  emac.o ABSOLUTE
    Retarget.c                               0x00000000   Number         0  retarget.o ABSOLUTE
    cdrcmple.s                               0x00000000   Number         0  cdrcmple.o ABSOLUTE
    dc.s                                     0x00000000   Number         0  dc.o ABSOLUTE
    easyweb.c                                0x00000000   Number         0  easyweb.o ABSOLUTE
    easyweb.c                                0x00000000   Number         0  easyweb.o ABSOLUTE
    handlers.s                               0x00000000   Number         0  handlers.o ABSOLUTE
    init.s                                   0x00000000   Number         0  init.o ABSOLUTE
    startup_LPC17xx.s                        0x00000000   Number         0  startup_lpc17xx.o ABSOLUTE
    system_LPC17xx.c                         0x00000000   Number         0  system_lpc17xx.o ABSOLUTE
    system_LPC17xx.c                         0x00000000   Number         0  system_lpc17xx.o ABSOLUTE
    tcpip.c                                  0x00000000   Number         0  tcpip.o ABSOLUTE
    tcpip.c                                  0x00000000   Number         0  tcpip.o ABSOLUTE
    .ARM.Collect$$$$00000000                 0x000000cc   Section        0  entry.o(.ARM.Collect$$$$00000000)
    .ARM.Collect$$$$00000001                 0x000000cc   Section        4  entry2.o(.ARM.Collect$$$$00000001)
    .ARM.Collect$$$$00000004                 0x000000d0   Section        4  entry5.o(.ARM.Collect$$$$00000004)
    .ARM.Collect$$$$00000008                 0x000000d4   Section        0  entry7b.o(.ARM.Collect$$$$00000008)
    .ARM.Collect$$$$0000000A                 0x000000d4   Section        0  entry8b.o(.ARM.Collect$$$$0000000A)
    .ARM.Collect$$$$0000000B                 0x000000d4   Section        8  entry9a.o(.ARM.Collect$$$$0000000B)
    .ARM.Collect$$$$0000000E                 0x000000dc   Section        4  entry12b.o(.ARM.Collect$$$$0000000E)
    .ARM.Collect$$$$0000000F                 0x000000e0   Section        0  entry10a.o(.ARM.Collect$$$$0000000F)
    .ARM.Collect$$$$00000011                 0x000000e0   Section        0  entry11a.o(.ARM.Collect$$$$00000011)
    .ARM.Collect$$$$00002712                 0x000000e0   Section        4  entry2.o(.ARM.Collect$$$$00002712)
    __lit__00000000                          0x000000e0   Data           4  entry2.o(.ARM.Collect$$$$00002712)
    .text                                    0x000000e4   Section       28  startup_lpc17xx.o(.text)
    .text                                    0x00000100   Section        0  system_lpc17xx.o(.text)
    .text                                    0x000002f0   Section        0  ctype_o.o(.text)
    i.__scatterload_null                     0x000002f8   Section        2  handlers.o(i.__scatterload_null)
    .ARM.__at_0x02FC                         0x000002fc   Section        4  startup_lpc17xx.o(.ARM.__at_0x02FC)
    .text                                    0x00000300   Section        0  tcpip.o(.text)
    .text                                    0x0000118c   Section        0  emac.o(.text)
    .text                                    0x00001594   Section        0  easyweb.o(.text)
    .text                                    0x00001d30   Section        0  isblank_o.o(.text)
    .text                                    0x00001d50   Section        0  memcpya.o(.text)
    .text                                    0x00001d74   Section        0  memseta.o(.text)
    .text                                    0x00001d98   Section        0  strlen.o(.text)
    .text                                    0x00001da6   Section        0  strcmp.o(.text)
    .text                                    0x00001dc2   Section        0  memcmp.o(.text)
    .text                                    0x00001ddc   Section        0  uldiv.o(.text)
    .text                                    0x00001e40   Section       36  init.o(.text)
    .text                                    0x00001e64   Section        0  llshl.o(.text)
    .text                                    0x00001e82   Section        0  llushr.o(.text)
    i.__0sprintf$8                           0x00001ea4   Section        0  printf8.o(i.__0sprintf$8)
    i.__scatterload_copy                     0x00001ecc   Section       14  handlers.o(i.__scatterload_copy)
    i.__scatterload_zeroinit                 0x00001eda   Section       14  handlers.o(i.__scatterload_zeroinit)
    i._printf_core                           0x00001ee8   Section        0  printf8.o(i._printf_core)
    _printf_core                             0x00001ee9   Thumb Code   984  printf8.o(i._printf_core)
    i._printf_post_padding                   0x000022ec   Section        0  printf8.o(i._printf_post_padding)
    _printf_post_padding                     0x000022ed   Thumb Code    36  printf8.o(i._printf_post_padding)
    i._printf_pre_padding                    0x00002310   Section        0  printf8.o(i._printf_pre_padding)
    _printf_pre_padding                      0x00002311   Thumb Code    46  printf8.o(i._printf_pre_padding)
    i._sputc                                 0x0000233e   Section        0  printf8.o(i._sputc)
    _sputc                                   0x0000233f   Thumb Code    10  printf8.o(i._sputc)
    .constdata                               0x00002348   Section        6  tcpip.o(.constdata)
    .constdata                               0x0000234e   Section     1477  easyweb.o(.constdata)
    .constdata                               0x00002913   Section      129  ctype_o.o(.constdata)
    .constdata                               0x00002994   Section        4  ctype_o.o(.constdata)
    table                                    0x00002994   Data           4  ctype_o.o(.constdata)
    .conststring                             0x00002998   Section      261  easyweb.o(.conststring)
    .bss                                     0x10000000   Section     1152  easyweb.o(.bss)
    .data                                    0x2007c000   Section        4  system_lpc17xx.o(.data)
    .data                                    0x2007c004   Section        8  emac.o(.data)
    rptr                                     0x2007c004   Data           4  emac.o(.data)
    tptr                                     0x2007c008   Data           4  emac.o(.data)
    .data                                    0x2007c00c   Section       85  easyweb.o(.data)
    state                                    0x2007c060   Data           1  easyweb.o(.data)
    STACK                                    0x2007c068   Section     1024  startup_lpc17xx.o(STACK)

    Global Symbols

    Symbol Name                              Value     Ov Type        Size  Object(Section)

    BuildAttributes$$THM_ISAv4$P$D$K$B$S$PE$A:L22UL41UL21$X:L11$S22US41US21$IEEE1$IW$USESV6$~STKCKD$USESV7$~SHL$OSPACE$ROPI$EBA8$MICROLIB$REQ8$PRES8$EABIv2 0x00000000   Number         0  anon$$obj.o ABSOLUTE
    __ARM_use_no_argv                        0x00000000   Number         0  easyweb.o ABSOLUTE
    __Vectors                                0x00000000   Data           4  startup_lpc17xx.o(RESET)
    __use_no_errno                           0x00000000   Number         0  useno.o ABSOLUTE
    __use_no_exception_handling              0x00000000   Number         0  useno.o ABSOLUTE
    __use_no_fp                              0x00000000   Number         0  useno.o ABSOLUTE
    __use_no_heap                            0x00000000   Number         0  useno.o ABSOLUTE
    __use_no_heap_region                     0x00000000   Number         0  useno.o ABSOLUTE
    __use_no_semihosting                     0x00000000   Number         0  useno.o ABSOLUTE
    __use_no_semihosting_swi                 0x00000000   Number         0  useno.o ABSOLUTE
    __use_no_signal_handling                 0x00000000   Number         0  useno.o ABSOLUTE
    _printf_a                                0x00000000   Number         0  stubs.o ABSOLUTE
    _printf_c                                0x00000000   Number         0  stubs.o ABSOLUTE
    _printf_charcount                        0x00000000   Number         0  stubs.o ABSOLUTE
    _printf_d                                0x00000000   Number         0  stubs.o ABSOLUTE
    _printf_e                                0x00000000   Number         0  stubs.o ABSOLUTE
    _printf_f                                0x00000000   Number         0  stubs.o ABSOLUTE
    _printf_flags                            0x00000000   Number         0  stubs.o ABSOLUTE
    _printf_fp_dec                           0x00000000   Number         0  stubs.o ABSOLUTE
    _printf_fp_hex                           0x00000000   Number         0  stubs.o ABSOLUTE
    _printf_g                                0x00000000   Number         0  stubs.o ABSOLUTE
    _printf_i                                0x00000000   Number         0  stubs.o ABSOLUTE
    _printf_int_dec                          0x00000000   Number         0  stubs.o ABSOLUTE
    _printf_l                                0x00000000   Number         0  stubs.o ABSOLUTE
    _printf_lc                               0x00000000   Number         0  stubs.o ABSOLUTE
    _printf_ll                               0x00000000   Number         0  stubs.o ABSOLUTE
    _printf_lld                              0x00000000   Number         0  stubs.o ABSOLUTE
    _printf_lli                              0x00000000   Number         0  stubs.o ABSOLUTE
    _printf_llo                              0x00000000   Number         0  stubs.o ABSOLUTE
    _printf_llu                              0x00000000   Number         0  stubs.o ABSOLUTE
    _printf_llx                              0x00000000   Number         0  stubs.o ABSOLUTE
    _printf_longlong_dec                     0x00000000   Number         0  stubs.o ABSOLUTE
    _printf_longlong_hex                     0x00000000   Number         0  stubs.o ABSOLUTE
    _printf_longlong_oct                     0x00000000   Number         0  stubs.o ABSOLUTE
    _printf_ls                               0x00000000   Number         0  stubs.o ABSOLUTE
    _printf_mbtowc                           0x00000000   Number         0  stubs.o ABSOLUTE
    _printf_n                                0x00000000   Number         0  stubs.o ABSOLUTE
    _printf_o                                0x00000000   Number         0  stubs.o ABSOLUTE
    _printf_p                                0x00000000   Number         0  stubs.o ABSOLUTE
    _printf_percent                          0x00000000   Number         0  stubs.o ABSOLUTE
    _printf_pre_padding                      0x00000000   Number         0  stubs.o ABSOLUTE
    _printf_return_value                     0x00000000   Number         0  stubs.o ABSOLUTE
    _printf_s                                0x00000000   Number         0  stubs.o ABSOLUTE
    _printf_sizespec                         0x00000000   Number         0  stubs.o ABSOLUTE
    _printf_str                              0x00000000   Number         0  stubs.o ABSOLUTE
    _printf_truncate_signed                  0x00000000   Number         0  stubs.o ABSOLUTE
    _printf_truncate_unsigned                0x00000000   Number         0  stubs.o ABSOLUTE
    _printf_u                                0x00000000   Number         0  stubs.o ABSOLUTE
    _printf_wc                               0x00000000   Number         0  stubs.o ABSOLUTE
    _printf_wctomb                           0x00000000   Number         0  stubs.o ABSOLUTE
    _printf_widthprec                        0x00000000   Number         0  stubs.o ABSOLUTE
    _printf_x                                0x00000000   Number         0  stubs.o ABSOLUTE
    __arm_fini_                               - Undefined Weak Reference
    __cpp_initialize__aeabi_                  - Undefined Weak Reference
    __cxa_finalize                            - Undefined Weak Reference
    __decompress                              - Undefined Weak Reference
    _clock_init                               - Undefined Weak Reference
    _microlib_exit                            - Undefined Weak Reference
    __main                                   0x000000cd   Thumb Code     0  entry.o(.ARM.Collect$$$$00000000)
    _main_stk                                0x000000cd   Thumb Code     0  entry2.o(.ARM.Collect$$$$00000001)
    _main_scatterload                        0x000000d1   Thumb Code     0  entry5.o(.ARM.Collect$$$$00000004)
    __main_after_scatterload                 0x000000d5   Thumb Code     0  entry5.o(.ARM.Collect$$$$00000004)
    _main_clock                              0x000000d5   Thumb Code     0  entry7b.o(.ARM.Collect$$$$00000008)
    _main_cpp_init                           0x000000d5   Thumb Code     0  entry8b.o(.ARM.Collect$$$$0000000A)
    _main_init                               0x000000d5   Thumb Code     0  entry9a.o(.ARM.Collect$$$$0000000B)
    __rt_lib_shutdown_fini                   0x000000dd   Thumb Code     0  entry12b.o(.ARM.Collect$$$$0000000E)
    __rt_final_cpp                           0x000000e1   Thumb Code     0  entry10a.o(.ARM.Collect$$$$0000000F)
    __rt_final_exit                          0x000000e1   Thumb Code     0  entry11a.o(.ARM.Collect$$$$00000011)
    Reset_Handler                            0x000000e5   Thumb Code     4  startup_lpc17xx.o(.text)
    NMI_Handler                              0x000000e9   Thumb Code     2  startup_lpc17xx.o(.text)
    HardFault_Handler                        0x000000eb   Thumb Code     2  startup_lpc17xx.o(.text)
    MemManage_Handler                        0x000000ed   Thumb Code     2  startup_lpc17xx.o(.text)
    BusFault_Handler                         0x000000ef   Thumb Code     2  startup_lpc17xx.o(.text)
    UsageFault_Handler                       0x000000f1   Thumb Code     2  startup_lpc17xx.o(.text)
    SVC_Handler                              0x000000f3   Thumb Code     2  startup_lpc17xx.o(.text)
    DebugMon_Handler                         0x000000f5   Thumb Code     2  startup_lpc17xx.o(.text)
    PendSV_Handler                           0x000000f7   Thumb Code     2  startup_lpc17xx.o(.text)
    ADC_IRQHandler                           0x000000fb   Thumb Code     0  startup_lpc17xx.o(.text)
    BOD_IRQHandler                           0x000000fb   Thumb Code     0  startup_lpc17xx.o(.text)
    CANActivity_IRQHandler                   0x000000fb   Thumb Code     0  startup_lpc17xx.o(.text)
    CAN_IRQHandler                           0x000000fb   Thumb Code     0  startup_lpc17xx.o(.text)
    DMA_IRQHandler                           0x000000fb   Thumb Code     0  startup_lpc17xx.o(.text)
    EINT0_IRQHandler                         0x000000fb   Thumb Code     0  startup_lpc17xx.o(.text)
    EINT1_IRQHandler                         0x000000fb   Thumb Code     0  startup_lpc17xx.o(.text)
    EINT2_IRQHandler                         0x000000fb   Thumb Code     0  startup_lpc17xx.o(.text)
    EINT3_IRQHandler                         0x000000fb   Thumb Code     0  startup_lpc17xx.o(.text)
    ENET_IRQHandler                          0x000000fb   Thumb Code     0  startup_lpc17xx.o(.text)
    I2C0_IRQHandler                          0x000000fb   Thumb Code     0  startup_lpc17xx.o(.text)
    I2C1_IRQHandler                          0x000000fb   Thumb Code     0  startup_lpc17xx.o(.text)
    I2C2_IRQHandler                          0x000000fb   Thumb Code     0  startup_lpc17xx.o(.text)
    I2S_IRQHandler                           0x000000fb   Thumb Code     0  startup_lpc17xx.o(.text)
    MCPWM_IRQHandler                         0x000000fb   Thumb Code     0  startup_lpc17xx.o(.text)
    PLL0_IRQHandler                          0x000000fb   Thumb Code     0  startup_lpc17xx.o(.text)
    PLL1_IRQHandler                          0x000000fb   Thumb Code     0  startup_lpc17xx.o(.text)
    PWM1_IRQHandler                          0x000000fb   Thumb Code     0  startup_lpc17xx.o(.text)
    QEI_IRQHandler                           0x000000fb   Thumb Code     0  startup_lpc17xx.o(.text)
    RIT_IRQHandler                           0x000000fb   Thumb Code     0  startup_lpc17xx.o(.text)
    RTC_IRQHandler                           0x000000fb   Thumb Code     0  startup_lpc17xx.o(.text)
    SPI_IRQHandler                           0x000000fb   Thumb Code     0  startup_lpc17xx.o(.text)
    SSP0_IRQHandler                          0x000000fb   Thumb Code     0  startup_lpc17xx.o(.text)
    SSP1_IRQHandler                          0x000000fb   Thumb Code     0  startup_lpc17xx.o(.text)
    TIMER0_IRQHandler                        0x000000fb   Thumb Code     0  startup_lpc17xx.o(.text)
    TIMER1_IRQHandler                        0x000000fb   Thumb Code     0  startup_lpc17xx.o(.text)
    TIMER2_IRQHandler                        0x000000fb   Thumb Code     0  startup_lpc17xx.o(.text)
    TIMER3_IRQHandler                        0x000000fb   Thumb Code     0  startup_lpc17xx.o(.text)
    UART0_IRQHandler                         0x000000fb   Thumb Code     0  startup_lpc17xx.o(.text)
    UART1_IRQHandler                         0x000000fb   Thumb Code     0  startup_lpc17xx.o(.text)
    UART2_IRQHandler                         0x000000fb   Thumb Code     0  startup_lpc17xx.o(.text)
    UART3_IRQHandler                         0x000000fb   Thumb Code     0  startup_lpc17xx.o(.text)
    USBActivity_IRQHandler                   0x000000fb   Thumb Code     0  startup_lpc17xx.o(.text)
    USB_IRQHandler                           0x000000fb   Thumb Code     0  startup_lpc17xx.o(.text)
    WDT_IRQHandler                           0x000000fb   Thumb Code     0  startup_lpc17xx.o(.text)
    SystemInit                               0x00000101   Thumb Code   468  system_lpc17xx.o(.text)
    __rt_ctype_table                         0x000002f1   Thumb Code     4  ctype_o.o(.text)
    __scatterload_null                       0x000002f9   Thumb Code     2  handlers.o(i.__scatterload_null)
    TCPLowLevelInit                          0x00000301   Thumb Code    26  tcpip.o(.text)
    TCPPassiveOpen                           0x0000031b   Thumb Code    30  tcpip.o(.text)
    TCPStartRetryTimer                       0x00000339   Thumb Code    36  tcpip.o(.text)
    PrepareARP_REQUEST                       0x0000035d   Thumb Code   160  tcpip.o(.text)
    TCPActiveOpen                            0x000003fd   Thumb Code    60  tcpip.o(.text)
    TCPClose                                 0x00000439   Thumb Code    60  tcpip.o(.text)
    TCPReleaseRxBuffer                       0x00000475   Thumb Code    14  tcpip.o(.text)
    TCPTransmitTxBuffer                      0x00000483   Thumb Code    88  tcpip.o(.text)
    IsBroadcast                              0x000004db   Thumb Code    62  tcpip.o(.text)
    SendFrame1                               0x00000519   Thumb Code    14  tcpip.o(.text)
    SwapBytes                                0x00000527   Thumb Code    12  tcpip.o(.text)
    CalcChecksum                             0x00000533   Thumb Code    92  tcpip.o(.text)
    WriteDWBE                                0x0000058f   Thumb Code    22  tcpip.o(.text)
    WriteWBE                                 0x000005a5   Thumb Code    10  tcpip.o(.text)
    PrepareTCP_DATA_FRAME                    0x000005af   Thumb Code   194  tcpip.o(.text)
    SendFrame2                               0x00000671   Thumb Code    14  tcpip.o(.text)
    PrepareTCP_FRAME                         0x0000067f   Thumb Code   406  tcpip.o(.text)
    TCPHandleTimeout                         0x00000815   Thumb Code    40  tcpip.o(.text)
    TCPStopTimer                             0x0000083d   Thumb Code    14  tcpip.o(.text)
    TCPHandleRetransmission                  0x0000084b   Thumb Code    68  tcpip.o(.text)
    TCPRestartTimer                          0x0000088f   Thumb Code     8  tcpip.o(.text)
    TCPStartTimeWaitTimer                    0x00000897   Thumb Code    30  tcpip.o(.text)
    ProcessTCPFrame                          0x000008b5   Thumb Code  1010  tcpip.o(.text)
    PrepareICMP_ECHO_REPLY                   0x00000ca7   Thumb Code   176  tcpip.o(.text)
    ProcessICMPFrame                         0x00000d57   Thumb Code    28  tcpip.o(.text)
    ProcessEthIAFrame                        0x00000d73   Thumb Code   206  tcpip.o(.text)
    PrepareARP_ANSWER                        0x00000e41   Thumb Code   112  tcpip.o(.text)
    ProcessEthBroadcastFrame                 0x00000eb1   Thumb Code    98  tcpip.o(.text)
    DoNetworkStuff                           0x00000f13   Thumb Code   562  tcpip.o(.text)
    TCPClockHandler                          0x00001145   Thumb Code    22  tcpip.o(.text)
    write_PHY                                0x0000118d   Thumb Code    48  emac.o(.text)
    read_PHY                                 0x000011bd   Thumb Code    62  emac.o(.text)
    rx_descr_init                            0x000011fb   Thumb Code    90  emac.o(.text)
    tx_descr_init                            0x00001255   Thumb Code    84  emac.o(.text)
    Init_EMAC                                0x000012a9   Thumb Code   398  emac.o(.text)
    ReadFrame_EMAC                           0x00001437   Thumb Code    18  emac.o(.text)
    ReadFrameBE_EMAC                         0x00001449   Thumb Code    28  emac.o(.text)
    CopyFromFrame_EMAC                       0x00001465   Thumb Code    36  emac.o(.text)
    DummyReadFrame_EMAC                      0x00001489   Thumb Code    20  emac.o(.text)
    StartReadFrame                           0x0000149d   Thumb Code    34  emac.o(.text)
    EndReadFrame                             0x000014bf   Thumb Code    24  emac.o(.text)
    CheckFrameReceived                       0x000014d7   Thumb Code    26  emac.o(.text)
    RequestSend                              0x000014f1   Thumb Code    38  emac.o(.text)
    Rdy4Tx                                   0x00001517   Thumb Code     4  emac.o(.text)
    WriteFrame_EMAC                          0x0000151b   Thumb Code    18  emac.o(.text)
    CopyToFrame_EMAC                         0x0000152d   Thumb Code    58  emac.o(.text)
    SysTick_Handler                          0x00001595   Thumb Code    42  easyweb.o(.text)
    parseBuff                                0x000015bf   Thumb Code    76  easyweb.o(.text)
    DoNetworkWork                            0x0000160b   Thumb Code   832  easyweb.o(.text)
    main                                     0x0000194b   Thumb Code   708  easyweb.o(.text)
    GetAD7Val                                0x00001c0f   Thumb Code    48  easyweb.o(.text)
    InsertDynamicValues                      0x00001c3f   Thumb Code   180  easyweb.o(.text)
    isblank                                  0x00001d31   Thumb Code    26  isblank_o.o(.text)
    __aeabi_memcpy                           0x00001d51   Thumb Code    36  memcpya.o(.text)
    __aeabi_memcpy4                          0x00001d51   Thumb Code     0  memcpya.o(.text)
    __aeabi_memcpy8                          0x00001d51   Thumb Code     0  memcpya.o(.text)
    __aeabi_memset                           0x00001d75   Thumb Code    14  memseta.o(.text)
    __aeabi_memset4                          0x00001d75   Thumb Code     0  memseta.o(.text)
    __aeabi_memset8                          0x00001d75   Thumb Code     0  memseta.o(.text)
    __aeabi_memclr                           0x00001d83   Thumb Code     4  memseta.o(.text)
    __aeabi_memclr4                          0x00001d83   Thumb Code     0  memseta.o(.text)
    __aeabi_memclr8                          0x00001d83   Thumb Code     0  memseta.o(.text)
    _memset$wrapper                          0x00001d87   Thumb Code    18  memseta.o(.text)
    strlen                                   0x00001d99   Thumb Code    14  strlen.o(.text)
    strcmp                                   0x00001da7   Thumb Code    28  strcmp.o(.text)
    memcmp                                   0x00001dc3   Thumb Code    26  memcmp.o(.text)
    __aeabi_uldivmod                         0x00001ddd   Thumb Code    98  uldiv.o(.text)
    __scatterload                            0x00001e41   Thumb Code    28  init.o(.text)
    __scatterload_rt2                        0x00001e41   Thumb Code     0  init.o(.text)
    __aeabi_llsl                             0x00001e65   Thumb Code    30  llshl.o(.text)
    _ll_shift_l                              0x00001e65   Thumb Code     0  llshl.o(.text)
    __aeabi_llsr                             0x00001e83   Thumb Code    32  llushr.o(.text)
    _ll_ushift_r                             0x00001e83   Thumb Code     0  llushr.o(.text)
    __0sprintf$8                             0x00001ea5   Thumb Code    34  printf8.o(i.__0sprintf$8)
    __1sprintf$8                             0x00001ea5   Thumb Code     0  printf8.o(i.__0sprintf$8)
    __2sprintf                               0x00001ea5   Thumb Code     0  printf8.o(i.__0sprintf$8)
    __scatterload_copy                       0x00001ecd   Thumb Code    14  handlers.o(i.__scatterload_copy)
    __scatterload_zeroinit                   0x00001edb   Thumb Code    14  handlers.o(i.__scatterload_zeroinit)
    MyMAC                                    0x00002348   Data           6  tcpip.o(.constdata)
    GetResponse                              0x0000234e   Data          45  easyweb.o(.constdata)
    MyIP                                     0x0000237c   Data           4  easyweb.o(.constdata)
    SubnetMask                               0x00002380   Data           4  easyweb.o(.constdata)
    GatewayIP                                0x00002384   Data           4  easyweb.o(.constdata)
    WebSide                                  0x00002388   Data        1419  easyweb.o(.constdata)
    __ctype_table                            0x00002913   Data         129  ctype_o.o(.constdata)
    Region$$Table$$Base                      0x00002aa0   Number         0  anon$$obj.o(Region$$Table)
    Region$$Table$$Limit                     0x00002ad0   Number         0  anon$$obj.o(Region$$Table)
    _TxFrame1                                0x10000000   Data         566  easyweb.o(.bss)
    _TxFrame2                                0x10000236   Data          74  easyweb.o(.bss)
    _RxTCPBuffer                             0x10000280   Data         256  easyweb.o(.bss)
    buff                                     0x10000380   Data         256  easyweb.o(.bss)
    SystemFrequency                          0x2007c000   Data           4  system_lpc17xx.o(.data)
    PWebSide                                 0x2007c00c   Data           4  easyweb.o(.data)
    HTTPBytesToSend                          0x2007c010   Data           4  easyweb.o(.data)
    HTTPStatus                               0x2007c014   Data           1  easyweb.o(.data)
    TCPStateMachine                          0x2007c015   Data           1  easyweb.o(.data)
    LastFrameSent                            0x2007c016   Data           1  easyweb.o(.data)
    ISNGenHigh                               0x2007c018   Data           2  easyweb.o(.data)
    TCPSeqNr                                 0x2007c01c   Data           4  easyweb.o(.data)
    TCPUNASeqNr                              0x2007c020   Data           4  easyweb.o(.data)
    TCPAckNr                                 0x2007c024   Data           4  easyweb.o(.data)
    TCPTimer                                 0x2007c028   Data           1  easyweb.o(.data)
    RetryCounter                             0x2007c029   Data           1  easyweb.o(.data)
    RecdFrameLength                          0x2007c02a   Data           2  easyweb.o(.data)
    RecdFrameMAC                             0x2007c02c   Data           6  easyweb.o(.data)
    RecdFrameIP                              0x2007c032   Data           4  easyweb.o(.data)
    RecdIPFrameLength                        0x2007c036   Data           2  easyweb.o(.data)
    TxFrame1Size                             0x2007c038   Data           2  easyweb.o(.data)
    TxFrame2Size                             0x2007c03a   Data           1  easyweb.o(.data)
    TransmitControl                          0x2007c03b   Data           1  easyweb.o(.data)
    TCPFlags                                 0x2007c03c   Data           1  easyweb.o(.data)
    TCPRxDataCount                           0x2007c03e   Data           2  easyweb.o(.data)
    TCPTxDataCount                           0x2007c040   Data           2  easyweb.o(.data)
    TCPLocalPort                             0x2007c042   Data           2  easyweb.o(.data)
    TCPRemotePort                            0x2007c044   Data           2  easyweb.o(.data)
    RemoteMAC                                0x2007c046   Data           6  easyweb.o(.data)
    RemoteIP                                 0x2007c04c   Data           4  easyweb.o(.data)
    SocketStatus                             0x2007c050   Data           1  easyweb.o(.data)
    pagecounter                              0x2007c054   Data           4  easyweb.o(.data)
    adcValue                                 0x2007c058   Data           4  easyweb.o(.data)
    TimeTick                                 0x2007c05c   Data           4  easyweb.o(.data)
    __initial_sp                             0x2007c468   Data           0  startup_lpc17xx.o(STACK)



==============================================================================

Memory Map of the image

  Image Entry point : 0x000000cd

  Load Region LR_IROM1 (Base: 0x00000000, Size: 0x00002b34, Max: 0x00080000, ABSOLUTE)

    Execution Region ER_IROM1 (Exec base: 0x00000000, Load base: 0x00000000, Size: 0x00002ad0, Max: 0x00080000, ABSOLUTE)

    Exec Addr    Load Addr    Size         Type   Attr      Idx    E Section Name        Object

    0x00000000   0x00000000   0x000000cc   Data   RO            3    RESET               startup_lpc17xx.o
    0x000000cc   0x000000cc   0x00000000   Code   RO          210  * .ARM.Collect$$$$00000000  mc_w.l(entry.o)
    0x000000cc   0x000000cc   0x00000004   Code   RO          516    .ARM.Collect$$$$00000001  mc_w.l(entry2.o)
    0x000000d0   0x000000d0   0x00000004   Code   RO          519    .ARM.Collect$$$$00000004  mc_w.l(entry5.o)
    0x000000d4   0x000000d4   0x00000000   Code   RO          521    .ARM.Collect$$$$00000008  mc_w.l(entry7b.o)
    0x000000d4   0x000000d4   0x00000000   Code   RO          523    .ARM.Collect$$$$0000000A  mc_w.l(entry8b.o)
    0x000000d4   0x000000d4   0x00000008   Code   RO          524    .ARM.Collect$$$$0000000B  mc_w.l(entry9a.o)
    0x000000dc   0x000000dc   0x00000004   Code   RO          531    .ARM.Collect$$$$0000000E  mc_w.l(entry12b.o)
    0x000000e0   0x000000e0   0x00000000   Code   RO          526    .ARM.Collect$$$$0000000F  mc_w.l(entry10a.o)
    0x000000e0   0x000000e0   0x00000000   Code   RO          528    .ARM.Collect$$$$00000011  mc_w.l(entry11a.o)
    0x000000e0   0x000000e0   0x00000004   Code   RO          517    .ARM.Collect$$$$00002712  mc_w.l(entry2.o)
    0x000000e4   0x000000e4   0x0000001c   Code   RO            5    .text               startup_lpc17xx.o
    0x00000100   0x00000100   0x000001f0   Code   RO           16    .text               system_lpc17xx.o
    0x000002f0   0x000002f0   0x00000008   Code   RO          215    .text               mc_w.l(ctype_o.o)
    0x000002f8   0x000002f8   0x00000002   Code   RO          568    i.__scatterload_null  mc_w.l(handlers.o)
    0x000002fa   0x000002fa   0x00000002   PAD
    0x000002fc   0x000002fc   0x00000004   Code   RO            4    .ARM.__at_0x02FC    startup_lpc17xx.o
    0x00000300   0x00000300   0x00000e8c   Code   RO           70    .text               tcpip.o
    0x0000118c   0x0000118c   0x00000408   Code   RO          107    .text               emac.o
    0x00001594   0x00001594   0x0000079c   Code   RO          137    .text               easyweb.o
    0x00001d30   0x00001d30   0x00000020   Code   RO          223    .text               mc_w.l(isblank_o.o)
    0x00001d50   0x00001d50   0x00000024   Code   RO          243    .text               mc_w.l(memcpya.o)
    0x00001d74   0x00001d74   0x00000024   Code   RO          245    .text               mc_w.l(memseta.o)
    0x00001d98   0x00001d98   0x0000000e   Code   RO          247    .text               mc_w.l(strlen.o)
    0x00001da6   0x00001da6   0x0000001c   Code   RO          249    .text               mc_w.l(strcmp.o)
    0x00001dc2   0x00001dc2   0x0000001a   Code   RO          251    .text               mc_w.l(memcmp.o)
    0x00001ddc   0x00001ddc   0x00000062   Code   RO          537    .text               mc_w.l(uldiv.o)
    0x00001e3e   0x00001e3e   0x00000002   PAD
    0x00001e40   0x00001e40   0x00000024   Code   RO          553    .text               mc_w.l(init.o)
    0x00001e64   0x00001e64   0x0000001e   Code   RO          556    .text               mc_w.l(llshl.o)
    0x00001e82   0x00001e82   0x00000020   Code   RO          558    .text               mc_w.l(llushr.o)
    0x00001ea2   0x00001ea2   0x00000002   PAD
    0x00001ea4   0x00001ea4   0x00000028   Code   RO          464    i.__0sprintf$8      mc_w.l(printf8.o)
    0x00001ecc   0x00001ecc   0x0000000e   Code   RO          567    i.__scatterload_copy  mc_w.l(handlers.o)
    0x00001eda   0x00001eda   0x0000000e   Code   RO          569    i.__scatterload_zeroinit  mc_w.l(handlers.o)
    0x00001ee8   0x00001ee8   0x00000404   Code   RO          469    i._printf_core      mc_w.l(printf8.o)
    0x000022ec   0x000022ec   0x00000024   Code   RO          470    i._printf_post_padding  mc_w.l(printf8.o)
    0x00002310   0x00002310   0x0000002e   Code   RO          471    i._printf_pre_padding  mc_w.l(printf8.o)
    0x0000233e   0x0000233e   0x0000000a   Code   RO          473    i._sputc            mc_w.l(printf8.o)
    0x00002348   0x00002348   0x00000006   Data   RO           71    .constdata          tcpip.o
    0x0000234e   0x0000234e   0x000005c5   Data   RO          139    .constdata          easyweb.o
    0x00002913   0x00002913   0x00000081   Data   RO          216    .constdata          mc_w.l(ctype_o.o)
    0x00002994   0x00002994   0x00000004   Data   RO          217    .constdata          mc_w.l(ctype_o.o)
    0x00002998   0x00002998   0x00000105   Data   RO          140    .conststring        easyweb.o
    0x00002a9d   0x00002a9d   0x00000003   PAD
    0x00002aa0   0x00002aa0   0x00000030   Data   RO          565    Region$$Table       anon$$obj.o


    Execution Region RW_IRAM1 (Exec base: 0x10000000, Load base: 0x00002ad0, Size: 0x00000480, Max: 0x00008000, ABSOLUTE)

    Exec Addr    Load Addr    Size         Type   Attr      Idx    E Section Name        Object

    0x10000000        -       0x00000480   Zero   RW          138    .bss                easyweb.o


    Execution Region RW_IRAM2 (Exec base: 0x2007c000, Load base: 0x00002ad0, Size: 0x00000468, Max: 0x00008000, ABSOLUTE)

    Exec Addr    Load Addr    Size         Type   Attr      Idx    E Section Name        Object

    0x2007c000   0x00002ad0   0x00000004   Data   RW           17    .data               system_lpc17xx.o
    0x2007c004   0x00002ad4   0x00000008   Data   RW          108    .data               emac.o
    0x2007c00c   0x00002adc   0x00000055   Data   RW          141    .data               easyweb.o
    0x2007c061   0x00002b31   0x00000007   PAD
    0x2007c068        -       0x00000400   Zero   RW            1    STACK               startup_lpc17xx.o


==============================================================================

Image component sizes


      Code (inc. data)   RO Data    RW Data    ZI Data      Debug   Object Name

      1948        592       1738         85       1152      36164   easyweb.o
      1032         46          0          8          0       3873   emac.o
        32          8        204          0       1024       1056   startup_lpc17xx.o
       496         28          0          4          0      22163   system_lpc17xx.o
      3724        326          6          0          0       7660   tcpip.o

    ----------------------------------------------------------------------
      7232       1000       1999        100       2180      70916   Object Totals
         0          0         48          0          0          0   (incl. Generated)
         0          0          3          3          4          0   (incl. Padding)

    ----------------------------------------------------------------------

      Code (inc. data)   RO Data    RW Data    ZI Data      Debug   Library Member Name

         8          4        133          0          0         68   ctype_o.o
         0          0          0          0          0          0   entry.o
         0          0          0          0          0          0   entry10a.o
         0          0          0          0          0          0   entry11a.o
         4          0          0          0          0          0   entry12b.o
         8          4          0          0          0          0   entry2.o
         4          0          0          0          0          0   entry5.o
         0          0          0          0          0          0   entry7b.o
         0          0          0          0          0          0   entry8b.o
         8          4          0          0          0          0   entry9a.o
        30          0          0          0          0          0   handlers.o
        36          8          0          0          0         68   init.o
        32          6          0          0          0         68   isblank_o.o
        30          0          0          0          0         68   llshl.o
        32          0          0          0          0         68   llushr.o
        26          0          0          0          0         80   memcmp.o
        36          0          0          0          0         68   memcpya.o
        36          0          0          0          0        108   memseta.o
      1160         50          0          0          0        420   printf8.o
        28          0          0          0          0         76   strcmp.o
        14          0          0          0          0         68   strlen.o
        98          0          0          0          0         92   uldiv.o

    ----------------------------------------------------------------------
      1596         76        133          0          0       1252   Library Totals
         6          0          0          0          0          0   (incl. Padding)

    ----------------------------------------------------------------------

      Code (inc. data)   RO Data    RW Data    ZI Data      Debug   Library Name

      1590         76        133          0          0       1252   mc_w.l

    ----------------------------------------------------------------------
      1596         76        133          0          0       1252   Library Totals

    ----------------------------------------------------------------------

==============================================================================


      Code (inc. data)   RO Data    RW Data    ZI Data      Debug   

      8828       1076       2132        100       2180      71384   Grand Totals
      8828       1076       2132        100       2180      71384   ELF Image Totals
      8828       1076       2132        100          0          0   ROM Totals

==============================================================================

    Total RO  Size (Code + RO Data)                10960 (  10.70kB)
    Total RW  Size (RW Data + ZI Data)              2280 (   2.23kB)
    Total ROM Size (Code + RO Data + RW Data)      11060 (  10.80kB)

==============================================================================

